src/core/application/use-cases/config/ai/ai-config-ops.use-case.ts(8,34): error TS1272: A type referenced in a decorated signature must be imported with 'import type' or a namespace import when 'isolatedModules' and 'emitDecoratorMetadata' are enabled.
src/core/application/use-cases/config/ai/ai-config-ops.use-case.ts(24,34): error TS1272: A type referenced in a decorated signature must be imported with 'import type' or a namespace import when 'isolatedModules' and 'emitDecoratorMetadata' are enabled.
src/core/application/use-cases/config/ai/knowledge-base-ops.use-case.ts(8,34): error TS1272: A type referenced in a decorated signature must be imported with 'import type' or a namespace import when 'isolatedModules' and 'emitDecoratorMetadata' are enabled.
src/core/application/use-cases/config/ai/knowledge-base-ops.use-case.ts(24,34): error TS1272: A type referenced in a decorated signature must be imported with 'import type' or a namespace import when 'isolatedModules' and 'emitDecoratorMetadata' are enabled.
src/core/application/use-cases/config/ai/update-ai-config.use-case.ts(18,34): error TS1272: A type referenced in a decorated signature must be imported with 'import type' or a namespace import when 'isolatedModules' and 'emitDecoratorMetadata' are enabled.
src/core/application/use-cases/config/ai/update-knowledge-base.use-case.ts(18,34): error TS1272: A type referenced in a decorated signature must be imported with 'import type' or a namespace import when 'isolatedModules' and 'emitDecoratorMetadata' are enabled.
src/core/application/use-cases/config/automation/quick-response-ops.use-case.ts(19,34): error TS1272: A type referenced in a decorated signature must be imported with 'import type' or a namespace import when 'isolatedModules' and 'emitDecoratorMetadata' are enabled.
src/core/application/use-cases/config/automation/quick-response-ops.use-case.ts(42,34): error TS1272: A type referenced in a decorated signature must be imported with 'import type' or a namespace import when 'isolatedModules' and 'emitDecoratorMetadata' are enabled.
src/core/application/use-cases/config/automation/quick-responses.use-case.ts(18,34): error TS1272: A type referenced in a decorated signature must be imported with 'import type' or a namespace import when 'isolatedModules' and 'emitDecoratorMetadata' are enabled.
src/core/application/use-cases/config/automation/quick-responses.use-case.ts(41,34): error TS1272: A type referenced in a decorated signature must be imported with 'import type' or a namespace import when 'isolatedModules' and 'emitDecoratorMetadata' are enabled.
src/core/application/use-cases/config/automation/template-ops.use-case.ts(18,34): error TS1272: A type referenced in a decorated signature must be imported with 'import type' or a namespace import when 'isolatedModules' and 'emitDecoratorMetadata' are enabled.
src/core/application/use-cases/config/automation/template-ops.use-case.ts(41,34): error TS1272: A type referenced in a decorated signature must be imported with 'import type' or a namespace import when 'isolatedModules' and 'emitDecoratorMetadata' are enabled.
src/core/application/use-cases/config/automation/templates.use-case.ts(18,34): error TS1272: A type referenced in a decorated signature must be imported with 'import type' or a namespace import when 'isolatedModules' and 'emitDecoratorMetadata' are enabled.
src/core/application/use-cases/config/automation/templates.use-case.ts(38,34): error TS1272: A type referenced in a decorated signature must be imported with 'import type' or a namespace import when 'isolatedModules' and 'emitDecoratorMetadata' are enabled.
src/core/application/use-cases/config/products/create-product.use-case.ts(28,41): error TS1272: A type referenced in a decorated signature must be imported with 'import type' or a namespace import when 'isolatedModules' and 'emitDecoratorMetadata' are enabled.
src/core/application/use-cases/config/products/delete-product.use-case.ts(8,41): error TS1272: A type referenced in a decorated signature must be imported with 'import type' or a namespace import when 'isolatedModules' and 'emitDecoratorMetadata' are enabled.
src/core/application/use-cases/config/products/get-product.use-case.ts(8,41): error TS1272: A type referenced in a decorated signature must be imported with 'import type' or a namespace import when 'isolatedModules' and 'emitDecoratorMetadata' are enabled.
src/core/application/use-cases/config/products/list-products.use-case.ts(12,41): error TS1272: A type referenced in a decorated signature must be imported with 'import type' or a namespace import when 'isolatedModules' and 'emitDecoratorMetadata' are enabled.
src/core/application/use-cases/config/products/update-product.use-case.ts(23,41): error TS1272: A type referenced in a decorated signature must be imported with 'import type' or a namespace import when 'isolatedModules' and 'emitDecoratorMetadata' are enabled.
src/core/application/use-cases/config/stores/create-store.use-case.ts(18,34): error TS1272: A type referenced in a decorated signature must be imported with 'import type' or a namespace import when 'isolatedModules' and 'emitDecoratorMetadata' are enabled.
src/core/application/use-cases/config/stores/delete-store.use-case.ts(8,34): error TS1272: A type referenced in a decorated signature must be imported with 'import type' or a namespace import when 'isolatedModules' and 'emitDecoratorMetadata' are enabled.
src/core/application/use-cases/config/stores/get-store.use-case.ts(8,34): error TS1272: A type referenced in a decorated signature must be imported with 'import type' or a namespace import when 'isolatedModules' and 'emitDecoratorMetadata' are enabled.
src/core/application/use-cases/config/stores/list-stores.use-case.ts(8,34): error TS1272: A type referenced in a decorated signature must be imported with 'import type' or a namespace import when 'isolatedModules' and 'emitDecoratorMetadata' are enabled.
src/core/application/use-cases/config/stores/update-store.use-case.ts(18,34): error TS1272: A type referenced in a decorated signature must be imported with 'import type' or a namespace import when 'isolatedModules' and 'emitDecoratorMetadata' are enabled.
src/core/application/use-cases/config/whatsapp/create-whatsapp-account.use-case.ts(18,34): error TS1272: A type referenced in a decorated signature must be imported with 'import type' or a namespace import when 'isolatedModules' and 'emitDecoratorMetadata' are enabled.
src/core/application/use-cases/config/whatsapp/delete-whatsapp-account.use-case.ts(8,34): error TS1272: A type referenced in a decorated signature must be imported with 'import type' or a namespace import when 'isolatedModules' and 'emitDecoratorMetadata' are enabled.
src/core/application/use-cases/config/whatsapp/get-whatsapp-account.use-case.ts(8,34): error TS1272: A type referenced in a decorated signature must be imported with 'import type' or a namespace import when 'isolatedModules' and 'emitDecoratorMetadata' are enabled.
src/core/application/use-cases/config/whatsapp/list-whatsapp-accounts.use-case.ts(8,34): error TS1272: A type referenced in a decorated signature must be imported with 'import type' or a namespace import when 'isolatedModules' and 'emitDecoratorMetadata' are enabled.
src/core/application/use-cases/config/whatsapp/update-whatsapp-account.use-case.ts(18,34): error TS1272: A type referenced in a decorated signature must be imported with 'import type' or a namespace import when 'isolatedModules' and 'emitDecoratorMetadata' are enabled.
src/interface/http/controllers/config/automation.controller.ts(50,45): error TS2345: Argument of type 'AutomationFilterDto' is not assignable to parameter of type 'TemplateFilter'.
  Types of property 'page' are incompatible.
    Type 'number | undefined' is not assignable to type 'number'.
      Type 'undefined' is not assignable to type 'number'.
src/interface/http/controllers/config/automation.controller.ts(76,38): error TS2345: Argument of type 'AutomationFilterDto' is not assignable to parameter of type 'QuickResponseFilter'.
  Types of property 'page' are incompatible.
    Type 'number | undefined' is not assignable to type 'number'.
      Type 'undefined' is not assignable to type 'number'.
src/interface/http/controllers/config/product.controller.ts(52,44): error TS2345: Argument of type 'ProductFilterDto' is not assignable to parameter of type 'ListProductsRequest'.
  Types of property 'page' are incompatible.
    Type 'number | undefined' is not assignable to type 'number'.
      Type 'undefined' is not assignable to type 'number'.
src/interface/http/controllers/config/store.controller.ts(48,42): error TS2345: Argument of type 'StoreFilterDto' is not assignable to parameter of type 'StoreFilter'.
  Types of property 'page' are incompatible.
    Type 'number | undefined' is not assignable to type 'number'.
      Type 'undefined' is not assignable to type 'number'.
